// Jest Snapshot v1, https://goo.gl/fbAQLP

exports[`Test in <LabelButton/> component To toMatchSnapshot 1`] = `
<View
  accessibilityState={
    Object {
      "disabled": false,
    }
  }
  accessible={true}
  collapsable={false}
  focusable={true}
  nativeID="animatedComponent"
  onClick={[Function]}
  onResponderGrant={[Function]}
  onResponderMove={[Function]}
  onResponderRelease={[Function]}
  onResponderTerminate={[Function]}
  onResponderTerminationRequest={[Function]}
  onStartShouldSetResponder={[Function]}
  style={
    Object {
      "opacity": 1,
      "padding": 8,
      "width": "100%",
    }
  }
>
  <Text
    style={
      Array [
        Object {
          "color": "#6200ee",
          "fontFamily": "System",
          "fontWeight": "400",
        },
        Array [
          Object {
            "padding": 8,
            "width": "100%",
          },
          Object {},
        ],
      ]
    }
  >
    text of button
  </Text>
</View>
`;
